    Updating crates.io index
   Compiling gvcore v0.1.0 (/home/runner/work/GenerativeView/GenerativeView/core)
    Finished `test` profile [unoptimized + debuginfo] target(s) in 11.67s
     Running unittests src/lib.rs (target/debug/deps/gvcore-e83d121ada08aff5)

running 17 tests
test db::tests::packed_layout ... ok
test db::tests::terms ... ok
test fsnav::tests::natural_order ... ok
test fsnav::tests::lists_folders_only ... ok
test meta::a1111::tests::forge_and_no_negative ... ok
test meta::a1111::tests::classic_block ... ok
test meta::a1111::tests::swarm_json ... ok
test meta::a1111::tests::plain_text_is_not_claimed ... ok
test meta::invoke::tests::v2_metadata ... ok
test meta::invoke::tests::v3_model_shape ... ok
test meta::json::tests::floats_are_tidy ... ok
test meta::invoke::tests::v4_metadata ... ok
test meta::json::tests::nan_is_tolerated ... ok
test thumbs::tests::queue_is_lifo_and_cancellable ... ok
test db::tests::settings_roundtrip ... ok
test db::tests::search_and_scope ... ok
test thumbs::tests::sizes_and_cache ... ok

test result: ok. 17 passed; 0 failed; 0 ignored; 0 measured; 0 filtered out; finished in 0.68s

     Running tests/engine.rs (target/debug/deps/engine-94af582a97e9ab02)

running 5 tests
test meta_settings_and_navigation ... ok
test unreadable_root_keeps_index ... ok
test polling_catches_changes_without_notifications ... ok
test thumbnails_for_images_and_warm_queue ... ok
test index_search_and_live_updates ... ok

test result: ok. 5 passed; 0 failed; 0 ignored; 0 measured; 0 filtered out; finished in 1.32s

     Running tests/meta_files.rs (target/debug/deps/meta_files-eb9e845619f02ec1)

running 14 tests
test a1111_png_jpeg_and_webp_style_exif ... ok
test comfy_controlnet_keeps_polarity_and_zeroed_negative ... ok
test comfy_linked_text_and_power_lora ... ok
test comfy_flux_custom_sampler ... ok
test comfy_area_composition_gathers_every_prompt ... ok
test comfy_tolerates_nan ... ok
test comfy_loras_with_weights ... ok
test comfy_workflow_only ... ok
test comfy_webp_exif ... ok
test comfy_video_containers ... ok
test compressed_and_late_text_chunks ... ok
test invokeai_png ... ok
test comfy_two_pass_reports_first_pass ... ok
test plain_and_broken_files_are_harmless ... ok

test result: ok. 14 passed; 0 failed; 0 ignored; 0 measured; 0 filtered out; finished in 0.02s

   Doc-tests gvcore

running 0 tests

test result: ok. 0 passed; 0 failed; 0 ignored; 0 measured; 0 filtered out; finished in 0.00s

